// Jest Snapshot v1, https://goo.gl/fbAQLP

exports[`Search component renders Search 1`] = `
<DocumentFragment>
  <label
    for="article-search"
  >
    Search Articles
  </label>
  <input
    id="article-search"
    type="text"
    value="minecraft"
  />
</DocumentFragment>
`;
